01:43:54 **** Incremental Build of configuration Default for project proj_01_software ****
make all 
mips-mti-elf-gcc -c -EL -g -march=m14kc -msoft-float -O0 -I"C:\PROGRA~1\IMAGIN~1\TOOLCH~1\MIPS-M~1\2016~1.05-/share/mips/addons/libfdc/" main.S -o main.o
mips-mti-elf-gcc  -EL -march=m14kc -msoft-float -nostartfiles -Wl,-Map=program.map -L"C:\PROGRA~1\IMAGIN~1\TOOLCH~1\MIPS-M~1\2016~1.05-/share/mips/addons/libfdc/" -Wl,--defsym,__stack=0x80040000 -Wl,--defsym,__memory_size=0x1f800 -T uhi32.ld -Wl,--defsym,__flash_start=0xbfc00000 -Wl,--defsym,__flash_app_start=0x80000000 -Wl,--defsym,__app_start=0x80000000 -Wl,--defsym,__isr_vec_count=0 -Wl,-e,0xbfc00000 boot.o exceptions.o dummy.o main.o -lfdc -o program.elf
mips-mti-elf-objcopy --remove-section .MIPS.abiflags --remove-section .reginfo program.elf
mips-mti-elf-size program.elf
   text	   data	    bss	    dec	    hex	filename
    956	    608	      0	   1564	    61c	program.elf
mips-mti-elf-objdump -D -l -t program.elf > program.dis
mips-mti-elf-objdump -D program.elf > program.txt
mips-mti-elf-objcopy program.elf -O srec program.rec

01:43:56 Build Finished (took 1s.827ms)

